#
# There is insufficient memory for the Java Runtime Environment to continue.
# Native memory allocation (malloc) failed to allocate 1048576 bytes for AllocateHeap
# Possible reasons:
#   The system is out of physical RAM or swap space
#   The process is running with CompressedOops enabled, and the Java Heap may be blocking the growth of the native heap
# Possible solutions:
#   Reduce memory load on the system
#   Increase physical memory or swap space
#   Check if swap backing store is full
#   Decrease Java heap size (-Xmx/-Xms)
#   Decrease number of Java threads
#   Decrease Java thread stack sizes (-Xss)
#   Set larger code cache with -XX:ReservedCodeCacheSize=
#   JVM is running with Unscaled Compressed Oops mode in which the Java heap is
#     placed in the first 4GB address space. The Java Heap base address is the
#     maximum limit for the native heap growth. Please use -XX:HeapBaseMinAddress
#     to set the Java Heap base and to place the Java Heap above 4GB virtual address.
# This output file may be truncated or incomplete.
#
#  Out of Memory Error (allocation.cpp:44), pid=13004, tid=13080
#
# JRE version:  (17.0.8+7) (build )
# Java VM: OpenJDK 64-Bit Server VM (17.0.8+7-LTS, mixed mode, sharing, tiered, compressed oops, compressed class ptrs, g1 gc, windows-amd64)
# No core dump will be written. Minidumps are not enabled by default on client versions of Windows
#

---------------  S U M M A R Y ------------

Command Line: -Xmx64m -Xms64m -Dorg.gradle.appname=gradlew D:\Nirapod\android\\gradle\wrapper\gradle-wrapper.jar app:installDebug -PreactNativeDevServerPort=8081

Host: Intel(R) Core(TM) i5-10400 CPU @ 2.90GHz, 12 cores, 7G,  Windows 11 , 64 bit Build 22621 (10.0.22621.4391)
Time: Sun Sep 27 22:08:47 2026 Bangladesh Standard Time elapsed time: 0.054391 seconds (0d 0h 0m 0s)

---------------  T H R E A D  ---------------

Current thread (0x000002451763d320):  JavaThread "Unknown thread" [_thread_in_vm, id=13080, stack(0x000000b2e3e00000,0x000000b2e3f00000)]

Stack: [0x000000b2e3e00000,0x000000b2e3f00000]
Native frames: (J=compiled Java code, j=interpreted, Vv=VM code, C=native code)
V  [jvm.dll+0x67bf3a]
V  [jvm.dll+0x83a024]
V  [jvm.dll+0x83b7ce]
V  [jvm.dll+0x83be33]
V  [jvm.dll+0x24785f]
V  [jvm.dll+0xa6b2b]
V  [jvm.dll+0x2e9017]
V  [jvm.dll+0x2e0e7b]
V  [jvm.dll+0x80bca1]
V  [jvm.dll+0x36df61]
V  [jvm.dll+0x7eafac]
V  [jvm.dll+0x3f0c8f]
V  [jvm.dll+0x3f28a1]
C  [jli.dll+0x528f]
C  [ucrtbase.dll+0x29333]
C  [KERNEL32.DLL+0x1259d]
C  [ntdll.dll+0x5af38]


---------------  P R O C E S S  ---------------

Threads class SMR info:
_java_thread_list=0x00007ffaa3673058, length=0, elements={
}

Java Threads: ( => current thread )

Other Threads:
  0x00000245199a0450 GCTaskThread "GC Thread#0" [stack: 0x000000b2e3f00000,0x000000b2e4000000] [id=19284]

[error occurred during error reporting (printing all threads), id 0xc0000005, EXCEPTION_ACCESS_VIOLATION (0xc0000005) at pc=0x00007ffaa2e2df60]

VM state: not at safepoint (not fully initialized)

VM Mutex/Monitor currently owned by a thread:  ([mutex/lock_event])
[0x000002451997fa10] Heap_lock - owner thread: 0x000002451763d320

Heap address: 0x00000000fc000000, size: 64 MB, Compressed Oops mode: 32-bit

CDS archive(s) mapped at: [0x0000000000000000-0x0000000000000000-0x0000000000000000), size 0, SharedBaseAddress: 0x0000000800000000, ArchiveRelocationMode: 1.
Narrow klass base: 0x0000000000000000, Narrow klass shift: 0, Narrow klass range: 0x0

GC Precious Log:
<Empty>

Heap:
 garbage-first heap   total 0K, used 0K [0x00000000fc000000, 0x0000000100000000)
  region size 1024K, 0 young (0K), 0 survivors (0K)

[error occurred during error reporting (printing heap information), id 0xc0000005, EXCEPTION_ACCESS_VIOLATION (0xc0000005) at pc=0x00007ffaa3215fc9]

GC Heap History (0 events):
No events

Dll operation events (1 events):
Event: 0.045 Loaded shared library C:\Program Files\Microsoft\jdk-17.0.8.7-hotspot\bin\java.dll

Deoptimization events (0 events):
No events

Classes unloaded (0 events):
No events

Classes redefined (0 events):
No events

Internal exceptions (0 events):
No events

VM Operations (0 events):
No events

Events (0 events):
No events


Dynamic libraries:
0x00007ff761580000 - 0x00007ff76158e000 	C:\Program Files\Microsoft\jdk-17.0.8.7-hotspot\bin\java.exe
0x00007ffaeeaf0000 - 0x00007ffaeed07000 	C:\WINDOWS\SYSTEM32\ntdll.dll
0x00007ffaedce0000 - 0x00007ffaedda4000 	C:\WINDOWS\System32\KERNEL32.DLL
0x00007ffaec2b0000 - 0x00007ffaec66a000 	C:\WINDOWS\System32\KERNELBASE.dll
0x00007ffaec190000 - 0x00007ffaec2a1000 	C:\WINDOWS\System32\ucrtbase.dll
0x00007ffae48b0000 - 0x00007ffae48c7000 	C:\Program Files\Microsoft\jdk-17.0.8.7-hotspot\bin\jli.dll
0x00007ffad82a0000 - 0x00007ffad82bb000 	C:\Program Files\Microsoft\jdk-17.0.8.7-hotspot\bin\VCRUNTIME140.dll
0x00007ffaedaf0000 - 0x00007ffaedc9e000 	C:\WINDOWS\System32\USER32.dll
0x00007ffaec7c0000 - 0x00007ffaec7e6000 	C:\WINDOWS\System32\win32u.dll
0x00007ffaedcb0000 - 0x00007ffaedcd9000 	C:\WINDOWS\System32\GDI32.dll
0x00007ffad7250000 - 0x00007ffad74e2000 	C:\WINDOWS\WinSxS\amd64_microsoft.windows.common-controls_6595b64144ccf1df_6.0.22621.4541_none_2710d1c57384c085\COMCTL32.dll
0x00007ffaebf00000 - 0x00007ffaec01b000 	C:\WINDOWS\System32\gdi32full.dll
0x00007ffaec6a0000 - 0x00007ffaec73a000 	C:\WINDOWS\System32\msvcp_win.dll
0x00007ffaeddb0000 - 0x00007ffaede57000 	C:\WINDOWS\System32\msvcrt.dll
0x00007ffaec7f0000 - 0x00007ffaec821000 	C:\WINDOWS\System32\IMM32.DLL
0x0000000057f70000 - 0x0000000057f7d000 	C:\Program Files (x86)\360\Total Security\safemon\SafeWrapper.dll
0x00007ffaed710000 - 0x00007ffaed7c2000 	C:\WINDOWS\System32\ADVAPI32.dll
0x00007ffaee4a0000 - 0x00007ffaee547000 	C:\WINDOWS\System32\sechost.dll
0x00007ffaec670000 - 0x00007ffaec698000 	C:\WINDOWS\System32\bcrypt.dll
0x00007ffaee780000 - 0x00007ffaee894000 	C:\WINDOWS\System32\RPCRT4.dll
0x00007ffae5070000 - 0x00007ffae5175000 	C:\Program Files (x86)\360\Total Security\safemon\libzdtp64.dll
0x00007ffaece20000 - 0x00007ffaed698000 	C:\WINDOWS\System32\SHELL32.dll
0x00007ffaed6a0000 - 0x00007ffaed6fe000 	C:\WINDOWS\System32\SHLWAPI.dll
0x00007ffaeb800000 - 0x00007ffaeb80a000 	C:\WINDOWS\SYSTEM32\VERSION.dll
0x00007ffae7e70000 - 0x00007ffae7e7c000 	C:\Program Files\Microsoft\jdk-17.0.8.7-hotspot\bin\vcruntime140_1.dll
0x00007ffac7bc0000 - 0x00007ffac7c4d000 	C:\Program Files\Microsoft\jdk-17.0.8.7-hotspot\bin\msvcp140.dll
0x00007ffaa2b40000 - 0x00007ffaa37a5000 	C:\Program Files\Microsoft\jdk-17.0.8.7-hotspot\bin\server\jvm.dll
0x00007ffaeba90000 - 0x00007ffaebadd000 	C:\WINDOWS\SYSTEM32\POWRPROF.dll
0x00007ffad79f0000 - 0x00007ffad7a24000 	C:\WINDOWS\SYSTEM32\WINMM.dll
0x00007ffadaf20000 - 0x00007ffadaf29000 	C:\WINDOWS\SYSTEM32\WSOCK32.dll
0x00007ffaee550000 - 0x00007ffaee5c1000 	C:\WINDOWS\System32\WS2_32.dll
0x00007ffaeba70000 - 0x00007ffaeba83000 	C:\WINDOWS\SYSTEM32\UMPDC.dll
0x00007ffaead50000 - 0x00007ffaead68000 	C:\WINDOWS\SYSTEM32\kernel.appcore.dll
0x00007ffae7c40000 - 0x00007ffae7c4a000 	C:\Program Files\Microsoft\jdk-17.0.8.7-hotspot\bin\jimage.dll
0x00007ffad7a40000 - 0x00007ffad7c72000 	C:\WINDOWS\SYSTEM32\DBGHELP.DLL
0x00007ffaec9b0000 - 0x00007ffaecd3f000 	C:\WINDOWS\System32\combase.dll
0x00007ffaecd40000 - 0x00007ffaece17000 	C:\WINDOWS\System32\OLEAUT32.dll
0x00007ffac7830000 - 0x00007ffac7862000 	C:\WINDOWS\SYSTEM32\dbgcore.DLL
0x00007ffaebe80000 - 0x00007ffaebefb000 	C:\WINDOWS\System32\bcryptPrimitives.dll
0x00007ffac97f0000 - 0x00007ffac9815000 	C:\Program Files\Microsoft\jdk-17.0.8.7-hotspot\bin\java.dll

dbghelp: loaded successfully - version: 4.0.5 - missing functions: none
symbol engine: initialized successfully - sym options: 0x614 - pdb path: .;C:\Program Files\Microsoft\jdk-17.0.8.7-hotspot\bin;C:\WINDOWS\SYSTEM32;C:\WINDOWS\WinSxS\amd64_microsoft.windows.common-controls_6595b64144ccf1df_6.0.22621.4541_none_2710d1c57384c085;C:\Program Files (x86)\360\Total Security\safemon;C:\Program Files\Microsoft\jdk-17.0.8.7-hotspot\bin\server

VM Arguments:
jvm_args: -Xmx64m -Xms64m -Dorg.gradle.appname=gradlew 
java_command: D:\Nirapod\android\\gradle\wrapper\gradle-wrapper.jar app:installDebug -PreactNativeDevServerPort=8081
java_class_path (initial): D:\Nirapod\android\\gradle\wrapper\gradle-wrapper.jar
Launcher Type: SUN_STANDARD

[Global flags]
     intx CICompilerCount                          = 4                                         {product} {ergonomic}
     uint ConcGCThreads                            = 3                                         {product} {ergonomic}
     uint G1ConcRefinementThreads                  = 10                                        {product} {ergonomic}
   size_t G1HeapRegionSize                         = 1048576                                   {product} {ergonomic}
    uintx GCDrainStackTargetSize                   = 64                                        {product} {ergonomic}
   size_t InitialHeapSize                          = 67108864                                  {product} {command line}
   size_t MarkStackSize                            = 4194304                                   {product} {ergonomic}
   size_t MaxHeapSize                              = 67108864                                  {product} {command line}
   size_t MinHeapDeltaBytes                        = 1048576                                   {product} {ergonomic}
   size_t MinHeapSize                              = 67108864                                  {product} {command line}
    uintx NonNMethodCodeHeapSize                   = 5839372                                {pd product} {ergonomic}
    uintx NonProfiledCodeHeapSize                  = 122909434                              {pd product} {ergonomic}
    uintx ProfiledCodeHeapSize                     = 122909434                              {pd product} {ergonomic}
    uintx ReservedCodeCacheSize                    = 251658240                              {pd product} {ergonomic}
     bool SegmentedCodeCache                       = true                                      {product} {ergonomic}
   size_t SoftMaxHeapSize                          = 67108864                               {manageable} {ergonomic}
     bool UseCompressedClassPointers               = true                           {product lp64_product} {ergonomic}
     bool UseCompressedOops                        = true                           {product lp64_product} {ergonomic}
     bool UseG1GC                                  = true                                      {product} {ergonomic}
     bool UseLargePagesIndividualAllocation        = false                                  {pd product} {ergonomic}

Logging:
Log output configuration:
 #0: stdout all=warning uptime,level,tags
 #1: stderr all=off uptime,level,tags

Environment Variables:
JAVA_HOME=C:\Program Files\Microsoft\jdk-17.0.8.7-hotspot\
PATH=D:\Nirapod\node_modules\.bin;D:\Nirapod\node_modules\.bin;D:\node_modules\.bin;C:\Users\User\AppData\Roaming\npm\node_modules\npm\node_modules\@npmcli\run-script\lib\node-gyp-bin;C:\Program Files\Microsoft\jdk-17.0.8.7-hotspot\bin;C:\Program Files\Microsoft\jdk-11.0.18.10-hotspot\bin;C:\Program Files\Common Files\Oracle\Java\javapath;C:\WINDOWS\system32;C:\WINDOWS;C:\WINDOWS\System32\Wbem;C:\WINDOWS\System32\WindowsPowerShell\v1.0\;C:\WINDOWS\System32\OpenSSH\;C:\Program Files\MongoDB\Server\6.0\bin;C:\ProgramData\chocolatey\bin;C:\xampp\php;C:\xampp\php;C:\Program Files\nodejs\;C:\Users\User\AppData\Local\Android\Sdk\platform-tools;C:\Users\User\AppData\Local\Android\Sdk\emulator;C:\Program Files\Git\cmd;C:\Users\User\AppData\Local\Android\Sdk\platform-tools;C:\Users\User\AppData\Local\Android\Sdk\tools;C:\Users\User\AppData\Local\Android\Sdk\platform-tools;C:\Users\User\AppData\Local\Android\Sdk\tools;C:\Users\User\AppData\Local\Android\Sdk\platform-tools;C:\Users\User\AppData\Local\Android\Sdk\tools;c:\Users\User\AppData\Local\Programs\Trae\bin;C:\Users\User\AppData\Local\Microsoft\WindowsApps;C:\Users\User\AppData\Local\Programs\Microsoft VS Code\bin;C:\Program Files\MongoDB\Server\6.0\bin;C:\Program Files\MongoDB\Server\5.0\bin;C:\xampp\php;C:\flutter\src\flutter\bin;C:\Users\User\AppData\Roaming\npm;C:\Users\User\AppData\Local\Programs\cursor\resources\app\bin;C:\Users\User\AppData\Local\Programs\Antigravity\bin;C:\Users\User\AppData\Local\Programs\Windsurf\bin;C:\Users\User\AppData\Local\Programs\Antigravity IDE\bin;C:\Users\User\AppData\Local\Programs\Devin\bin
USERNAME=User
OS=Windows_NT
PROCESSOR_IDENTIFIER=Intel64 Family 6 Model 165 Stepping 3, GenuineIntel
TMP=C:\Users\User\AppData\Local\Temp
TEMP=C:\Users\User\AppData\Local\Temp



---------------  S Y S T E M  ---------------

OS:
 Windows 11 , 64 bit Build 22621 (10.0.22621.4391)
OS uptime: 0 days 23:48 hours
Hyper-V role detected

CPU: total 12 (initial active 12) (6 cores per cpu, 2 threads per core) family 6 model 165 stepping 3 microcode 0xea, cx8, cmov, fxsr, ht, mmx, 3dnowpref, sse, sse2, sse3, ssse3, sse4.1, sse4.2, popcnt, lzcnt, tsc, tscinvbit, avx, avx2, aes, erms, clmul, bmi1, bmi2, adx, fma, vzeroupper, clflush, clflushopt, hv
Processor Information for all 12 processors :
  Max Mhz: 2904, Current Mhz: 2904, Mhz Limit: 2904

Memory: 4k page, system-wide physical 8021M (598M free)
TotalPageFile size 21220M (AvailPageFile size 110M)
current process WorkingSet (physical memory assigned to process): 12M, peak: 12M
current process commit charge ("private bytes"): 55M, peak: 56M

vm_info: OpenJDK 64-Bit Server VM (17.0.8+7-LTS) for windows-amd64 JRE (17.0.8+7-LTS), built on Jul  7 2023 17:21:55 by "MicrosoftCorporation" with MS VC++ 16.10 / 16.11 (VS2019)

END.
